// Jest Snapshot v1, https://goo.gl/fbAQLP

exports[`AddNewBook component renders the UI as expected 1`] = `
<AddNewBook
  nextBook={0}
  setAddNewBook={[Function]}
>
  <form
    onSubmit={[Function]}
  >
    <label
      htmlFor="new-book-number"
    >
      New book number: 
    </label>
    <input
      id="new-book-number"
      onChange={[Function]}
      type="number"
      value={0}
    />
    <button
      disabled={true}
      type="submit"
    >
      Submit
    </button>
  </form>
</AddNewBook>
`;
