// Jest Snapshot v1, https://goo.gl/fbAQLP

exports[`CommentaryReadComment component renders the UI as expected 1`] = `
<CommentaryReadComment
  comment={
    Object {
      "comment": "",
      "tag": "",
    }
  }
>
  <div>
    <h3
      className="CommentaryReadComment__h3"
    >
      <q />
    </h3>
    <p />
  </div>
</CommentaryReadComment>
`;
